// Jest Snapshot v1, https://goo.gl/fbAQLP

exports[`Detail component renders Detail 1`] = `
<DocumentFragment>
  <p>
    Spot
  </p>
  <p>
    dog
  </p>
  <p>
    female
  </p>
  <p>
    www.wikidog.com
  </p>
</DocumentFragment>
`;
